Obtaining file://<CANDIDATE_ROOT>
  Installing build dependencies: started
  Installing build dependencies: finished with status 'done'
  Checking if build backend supports build_editable: started
  Checking if build backend supports build_editable: finished with status 'done'
  Getting requirements to build editable: started
  Getting requirements to build editable: finished with status 'done'
  Preparing editable metadata (pyproject.toml): started
  Preparing editable metadata (pyproject.toml): finished with status 'done'
Requirement already satisfied: jsonschema==4.26.0 in ./.venv/lib/python3.12/site-packages (from concept-to-code-learning==0.2.0.dev0) (4.26.0)
Requirement already satisfied: fastapi==0.141.1 in ./.venv/lib/python3.12/site-packages (from concept-to-code-learning==0.2.0.dev0) (0.141.1)
Requirement already satisfied: uvicorn==0.52.4 in ./.venv/lib/python3.12/site-packages (from concept-to-code-learning==0.2.0.dev0) (0.52.4)
Requirement already satisfied: pydantic==2.13.5 in ./.venv/lib/python3.12/site-packages (from concept-to-code-learning==0.2.0.dev0) (2.13.5)
Requirement already satisfied: starlette==1.6.0 in ./.venv/lib/python3.12/site-packages (from concept-to-code-learning==0.2.0.dev0) (1.6.0)
Requirement already satisfied: typing-extensions>=4.8.0 in ./.venv/lib/python3.12/site-packages (from fastapi==0.141.1->concept-to-code-learning==0.2.0.dev0) (4.16.0)
Requirement already satisfied: typing-inspection>=0.4.2 in ./.venv/lib/python3.12/site-packages (from fastapi==0.141.1->concept-to-code-learning==0.2.0.dev0) (0.4.4)
Requirement already satisfied: annotated-doc>=0.0.2 in ./.venv/lib/python3.12/site-packages (from fastapi==0.141.1->concept-to-code-learning==0.2.0.dev0) (0.0.5)
Requirement already satisfied: attrs>=22.2.0 in ./.venv/lib/python3.12/site-packages (from jsonschema==4.26.0->concept-to-code-learning==0.2.0.dev0) (26.1.0)
Requirement already satisfied: jsonschema-specifications>=2023.03.6 in ./.venv/lib/python3.12/site-packages (from jsonschema==4.26.0->concept-to-code-learning==0.2.0.dev0) (2025.9.1)
Requirement already satisfied: referencing>=0.28.4 in ./.venv/lib/python3.12/site-packages (from jsonschema==4.26.0->concept-to-code-learning==0.2.0.dev0) (0.37.0)
Requirement already satisfied: rpds-py>=0.25.0 in ./.venv/lib/python3.12/site-packages (from jsonschema==4.26.0->concept-to-code-learning==0.2.0.dev0) (2026.6.3)
Requirement already satisfied: annotated-types>=0.6.0 in ./.venv/lib/python3.12/site-packages (from pydantic==2.13.5->concept-to-code-learning==0.2.0.dev0) (0.8.0)
Requirement already satisfied: pydantic-core==2.46.5 in ./.venv/lib/python3.12/site-packages (from pydantic==2.13.5->concept-to-code-learning==0.2.0.dev0) (2.46.5)
Requirement already satisfied: anyio<5,>=3.6.2 in ./.venv/lib/python3.12/site-packages (from starlette==1.6.0->concept-to-code-learning==0.2.0.dev0) (4.15.1)
Requirement already satisfied: click>=7.0 in ./.venv/lib/python3.12/site-packages (from uvicorn==0.52.4->concept-to-code-learning==0.2.0.dev0) (8.5.0)
Requirement already satisfied: h11>=0.8 in ./.venv/lib/python3.12/site-packages (from uvicorn==0.52.4->concept-to-code-learning==0.2.0.dev0) (0.16.0)
Requirement already satisfied: pytest==9.1.1 in ./.venv/lib/python3.12/site-packages (from concept-to-code-learning==0.2.0.dev0) (9.1.1)
Requirement already satisfied: ruff==0.16.6 in ./.venv/lib/python3.12/site-packages (from concept-to-code-learning==0.2.0.dev0) (0.16.6)
Requirement already satisfied: PyYAML==6.0.3 in ./.venv/lib/python3.12/site-packages (from concept-to-code-learning==0.2.0.dev0) (6.0.3)
Requirement already satisfied: httpx==0.28.1 in ./.venv/lib/python3.12/site-packages (from concept-to-code-learning==0.2.0.dev0) (0.28.1)
Requirement already satisfied: certifi in ./.venv/lib/python3.12/site-packages (from httpx==0.28.1->concept-to-code-learning==0.2.0.dev0) (2026.7.22)
Requirement already satisfied: httpcore==1.* in ./.venv/lib/python3.12/site-packages (from httpx==0.28.1->concept-to-code-learning==0.2.0.dev0) (1.0.9)
Requirement already satisfied: idna in ./.venv/lib/python3.12/site-packages (from httpx==0.28.1->concept-to-code-learning==0.2.0.dev0) (3.19)
Requirement already satisfied: iniconfig>=1.0.1 in ./.venv/lib/python3.12/site-packages (from pytest==9.1.1->concept-to-code-learning==0.2.0.dev0) (2.3.0)
Requirement already satisfied: packaging>=22 in ./.venv/lib/python3.12/site-packages (from pytest==9.1.1->concept-to-code-learning==0.2.0.dev0) (26.3)
Requirement already satisfied: pluggy<2,>=1.5 in ./.venv/lib/python3.12/site-packages (from pytest==9.1.1->concept-to-code-learning==0.2.0.dev0) (1.6.0)
Requirement already satisfied: pygments>=2.7.2 in ./.venv/lib/python3.12/site-packages (from pytest==9.1.1->concept-to-code-learning==0.2.0.dev0) (2.21.0)
Building wheels for collected packages: concept-to-code-learning
  Building editable for concept-to-code-learning (pyproject.toml): started
  Building editable for concept-to-code-learning (pyproject.toml): finished with status 'done'
  Created wheel for concept-to-code-learning: filename=concept_to_code_learning-0.2.0.dev0-0.editable-py3-none-any.whl size=5149 sha256=f9fb3d11e07d04baf6a1ec934c93a575b654ccedb166a1a7a9c7437c7479b3b7
  Stored in directory: <SYSTEM_TEMP>
Successfully built concept-to-code-learning
Installing collected packages: concept-to-code-learning
  Attempting uninstall: concept-to-code-learning
    Found existing installation: concept-to-code-learning 0.2.0.dev0
    Not uninstalling concept-to-code-learning at <CANDIDATE_ROOT>/src, outside environment <CANDIDATE_ROOT>/.venv
    Can't uninstall 'concept-to-code-learning'. No files were found to uninstall.
Successfully installed concept-to-code-learning-0.2.0.dev0

[notice] A new release of pip is available: 25.0.1 -> 26.2.1
[notice] To update, run: pip install --upgrade pip
